// Jest Snapshot v1, https://goo.gl/fbAQLP

exports[`CardList renders correctly 1`] = `
<div>
  <h1>
    Title page
  </h1>
  <div
    className="github-form"
  >
    <form
      onSubmit={[Function]}
    >
      <input
        onChange={[Function]}
        placeholder="GitHub user name"
        required={true}
        type="text"
        value=""
      />
      <button>
        Add Card
      </button>
    </form>
  </div>
  <div>
    This is a Toaster 
    error
  </div>
  <div
    className="card-list"
  />
</div>
`;
